C:/Users/Onoje/Desktop/HAVELSAN_STM32/JPEG_DecodingUsingFs_DMA/Drivers/BSP/STM32H747I-EVAL/stm32h747i_eval_io.c:104:9:BSP_IOEXPANDER_Init	24	static
C:/Users/Onoje/Desktop/HAVELSAN_STM32/JPEG_DecodingUsingFs_DMA/Drivers/BSP/STM32H747I-EVAL/stm32h747i_eval_io.c:148:9:BSP_IOEXPANDER_DeInit	24	static
C:/Users/Onoje/Desktop/HAVELSAN_STM32/JPEG_DecodingUsingFs_DMA/Drivers/BSP/STM32H747I-EVAL/stm32h747i_eval_io.c:184:9:BSP_IO_Init	24	static
C:/Users/Onoje/Desktop/HAVELSAN_STM32/JPEG_DecodingUsingFs_DMA/Drivers/BSP/STM32H747I-EVAL/stm32h747i_eval_io.c:234:9:BSP_IO_DeInit	24	static
C:/Users/Onoje/Desktop/HAVELSAN_STM32/JPEG_DecodingUsingFs_DMA/Drivers/BSP/STM32H747I-EVAL/stm32h747i_eval_io.c:262:9:BSP_IO_GetIT	16	static
C:/Users/Onoje/Desktop/HAVELSAN_STM32/JPEG_DecodingUsingFs_DMA/Drivers/BSP/STM32H747I-EVAL/stm32h747i_eval_io.c:279:9:BSP_IO_ClearIT	24	static
C:/Users/Onoje/Desktop/HAVELSAN_STM32/JPEG_DecodingUsingFs_DMA/Drivers/BSP/STM32H747I-EVAL/stm32h747i_eval_io.c:307:9:BSP_IO_WritePin	32	static
C:/Users/Onoje/Desktop/HAVELSAN_STM32/JPEG_DecodingUsingFs_DMA/Drivers/BSP/STM32H747I-EVAL/stm32h747i_eval_io.c:333:9:BSP_IO_ReadPin	16	static
C:/Users/Onoje/Desktop/HAVELSAN_STM32/JPEG_DecodingUsingFs_DMA/Drivers/BSP/STM32H747I-EVAL/stm32h747i_eval_io.c:351:9:BSP_IO_TogglePin	24	static
C:/Users/Onoje/Desktop/HAVELSAN_STM32/JPEG_DecodingUsingFs_DMA/Drivers/BSP/STM32H747I-EVAL/stm32h747i_eval_io.c:394:6:BSP_IOEXPANDER_ITConfig	40	static
C:/Users/Onoje/Desktop/HAVELSAN_STM32/JPEG_DecodingUsingFs_DMA/Drivers/BSP/STM32H747I-EVAL/stm32h747i_eval_io.c:425:6:BSP_IO_IRQHandler	16	static
C:/Users/Onoje/Desktop/HAVELSAN_STM32/JPEG_DecodingUsingFs_DMA/Drivers/BSP/STM32H747I-EVAL/stm32h747i_eval_io.c:438:13:BSP_IO_Callback	16	static
C:/Users/Onoje/Desktop/HAVELSAN_STM32/JPEG_DecodingUsingFs_DMA/Drivers/BSP/STM32H747I-EVAL/stm32h747i_eval_io.c:457:16:MFXSTM32L152_Probe	56	static
C:/Users/Onoje/Desktop/HAVELSAN_STM32/JPEG_DecodingUsingFs_DMA/Drivers/BSP/STM32H747I-EVAL/stm32h747i_eval_io.c:506:13:IO_EXTI_Callback	8	static
