C:/Users/Onoje/STM32Cube/Example/JPEG_DecodingUsingFs_DMA/CM7/Src/main.c:113:5:main	16	static,ignoring_inline_asm
C:/Users/Onoje/STM32Cube/Example/JPEG_DecodingUsingFs_DMA/CM7/Src/main.c:232:13:SystemClock_Config	128	static
C:/Users/Onoje/STM32Cube/Example/JPEG_DecodingUsingFs_DMA/CM7/Src/main.c:311:13:MPU_Config	24	static
C:/Users/Onoje/STM32Cube/Example/JPEG_DecodingUsingFs_DMA/CM7/Src/main.c:411:13:CPU_CACHE_Enable	24	static,ignoring_inline_asm
C:/Users/Onoje/STM32Cube/Example/JPEG_DecodingUsingFs_DMA/CM7/Src/main.c:425:13:LCD_BriefDisplay	16	static
C:/Users/Onoje/STM32Cube/Example/JPEG_DecodingUsingFs_DMA/CM7/Src/main.c:447:6:JPEG_Pipeline_OnFrameReceived	16	static
C:/Users/Onoje/STM32Cube/Example/JPEG_DecodingUsingFs_DMA/CM7/Src/main.c:465:6:JPEG_Pipeline_OnDecodeComplete	8	static
C:/Users/Onoje/STM32Cube/Example/JPEG_DecodingUsingFs_DMA/CM7/Src/main.c:490:13:DMA2D_XferCpltCallback	56	static
C:/Users/Onoje/STM32Cube/Example/JPEG_DecodingUsingFs_DMA/CM7/Src/main.c:547:13:DMA2D_StartFill	32	static
C:/Users/Onoje/STM32Cube/Example/JPEG_DecodingUsingFs_DMA/CM7/Src/main.c:570:13:DMA2D_StartCopy	48	static
C:/Users/Onoje/STM32Cube/Example/JPEG_DecodingUsingFs_DMA/CM7/Src/main.c:665:6:Error_Handler	8	static
