C:/Users/Onoje/Desktop/HAVELSAN_STM32/JPEG_DecodingUsingFs_DMA/CM7/Src/main.c:113:5:main	2
C:/Users/Onoje/Desktop/HAVELSAN_STM32/JPEG_DecodingUsingFs_DMA/CM7/Src/main.c:232:13:SystemClock_Config	4
C:/Users/Onoje/Desktop/HAVELSAN_STM32/JPEG_DecodingUsingFs_DMA/CM7/Src/main.c:311:13:MPU_Config	1
C:/Users/Onoje/Desktop/HAVELSAN_STM32/JPEG_DecodingUsingFs_DMA/CM7/Src/main.c:411:13:CPU_CACHE_Enable	5
C:/Users/Onoje/Desktop/HAVELSAN_STM32/JPEG_DecodingUsingFs_DMA/CM7/Src/main.c:425:13:LCD_BriefDisplay	1
C:/Users/Onoje/Desktop/HAVELSAN_STM32/JPEG_DecodingUsingFs_DMA/CM7/Src/main.c:452:6:JPEG_Pipeline_OnFrameReceived	3
C:/Users/Onoje/Desktop/HAVELSAN_STM32/JPEG_DecodingUsingFs_DMA/CM7/Src/main.c:470:6:JPEG_Pipeline_OnDecodeComplete	3
C:/Users/Onoje/Desktop/HAVELSAN_STM32/JPEG_DecodingUsingFs_DMA/CM7/Src/main.c:495:13:DMA2D_XferCpltCallback	4
C:/Users/Onoje/Desktop/HAVELSAN_STM32/JPEG_DecodingUsingFs_DMA/CM7/Src/main.c:552:13:DMA2D_StartFill	1
C:/Users/Onoje/Desktop/HAVELSAN_STM32/JPEG_DecodingUsingFs_DMA/CM7/Src/main.c:575:13:DMA2D_StartCopy	7
C:/Users/Onoje/Desktop/HAVELSAN_STM32/JPEG_DecodingUsingFs_DMA/CM7/Src/main.c:670:6:Error_Handler	1
