C:/Users/Onoje/Desktop/HAVELSAN_STM32/JPEG_DecodingUsingFs_DMA/CM7/Src/main.c:122:5:main	16	static,ignoring_inline_asm
C:/Users/Onoje/Desktop/HAVELSAN_STM32/JPEG_DecodingUsingFs_DMA/CM7/Src/main.c:250:13:SystemClock_Config	128	static
C:/Users/Onoje/Desktop/HAVELSAN_STM32/JPEG_DecodingUsingFs_DMA/CM7/Src/main.c:329:13:MPU_Config	24	static
C:/Users/Onoje/Desktop/HAVELSAN_STM32/JPEG_DecodingUsingFs_DMA/CM7/Src/main.c:429:13:CPU_CACHE_Enable	24	static,ignoring_inline_asm
C:/Users/Onoje/Desktop/HAVELSAN_STM32/JPEG_DecodingUsingFs_DMA/CM7/Src/main.c:443:13:LCD_BriefDisplay	16	static
C:/Users/Onoje/Desktop/HAVELSAN_STM32/JPEG_DecodingUsingFs_DMA/CM7/Src/main.c:470:6:JPEG_Pipeline_OnFrameReceived	16	static
C:/Users/Onoje/Desktop/HAVELSAN_STM32/JPEG_DecodingUsingFs_DMA/CM7/Src/main.c:488:6:JPEG_Pipeline_OnDecodeComplete	8	static
C:/Users/Onoje/Desktop/HAVELSAN_STM32/JPEG_DecodingUsingFs_DMA/CM7/Src/main.c:513:13:DMA2D_XferCpltCallback	48	static
C:/Users/Onoje/Desktop/HAVELSAN_STM32/JPEG_DecodingUsingFs_DMA/CM7/Src/main.c:570:6:HAL_LTDC_ReloadEventCallback	24	static
C:/Users/Onoje/Desktop/HAVELSAN_STM32/JPEG_DecodingUsingFs_DMA/CM7/Src/main.c:607:13:DMA2D_StartFill	32	static
C:/Users/Onoje/Desktop/HAVELSAN_STM32/JPEG_DecodingUsingFs_DMA/CM7/Src/main.c:630:13:DMA2D_StartCopy	48	static
C:/Users/Onoje/Desktop/HAVELSAN_STM32/JPEG_DecodingUsingFs_DMA/CM7/Src/main.c:725:6:Error_Handler	8	static
