C:/Users/Onoje/STM32Cube/Example/JPEG_DecodingUsingFs_DMA/CM7/Src/stm32h7xx_it.c:50:6:NMI_Handler	4	static
C:/Users/Onoje/STM32Cube/Example/JPEG_DecodingUsingFs_DMA/CM7/Src/stm32h7xx_it.c:59:6:HardFault_Handler	4	static
C:/Users/Onoje/STM32Cube/Example/JPEG_DecodingUsingFs_DMA/CM7/Src/stm32h7xx_it.c:72:6:MemManage_Handler	4	static
C:/Users/Onoje/STM32Cube/Example/JPEG_DecodingUsingFs_DMA/CM7/Src/stm32h7xx_it.c:85:6:BusFault_Handler	4	static
C:/Users/Onoje/STM32Cube/Example/JPEG_DecodingUsingFs_DMA/CM7/Src/stm32h7xx_it.c:98:6:UsageFault_Handler	4	static
C:/Users/Onoje/STM32Cube/Example/JPEG_DecodingUsingFs_DMA/CM7/Src/stm32h7xx_it.c:111:6:SVC_Handler	4	static
C:/Users/Onoje/STM32Cube/Example/JPEG_DecodingUsingFs_DMA/CM7/Src/stm32h7xx_it.c:120:6:DebugMon_Handler	4	static
C:/Users/Onoje/STM32Cube/Example/JPEG_DecodingUsingFs_DMA/CM7/Src/stm32h7xx_it.c:129:6:PendSV_Handler	4	static
C:/Users/Onoje/STM32Cube/Example/JPEG_DecodingUsingFs_DMA/CM7/Src/stm32h7xx_it.c:138:6:SysTick_Handler	8	static
C:/Users/Onoje/STM32Cube/Example/JPEG_DecodingUsingFs_DMA/CM7/Src/stm32h7xx_it.c:156:6:JPEG_IRQHandler	8	static
C:/Users/Onoje/STM32Cube/Example/JPEG_DecodingUsingFs_DMA/CM7/Src/stm32h7xx_it.c:166:6:DMA2D_IRQHandler	8	static
C:/Users/Onoje/STM32Cube/Example/JPEG_DecodingUsingFs_DMA/CM7/Src/stm32h7xx_it.c:177:6:MDMA_IRQHandler	8	static
C:/Users/Onoje/STM32Cube/Example/JPEG_DecodingUsingFs_DMA/CM7/Src/stm32h7xx_it.c:189:6:SDMMC1_IRQHandler	8	static
