C:/Users/Onoje/Desktop/HAVELSAN_STM32/JPEG_DecodingUsingFs_DMA/CM7/Src/main.c:143:5:main	24	static,ignoring_inline_asm
C:/Users/Onoje/Desktop/HAVELSAN_STM32/JPEG_DecodingUsingFs_DMA/CM7/Src/main.c:283:13:SystemClock_Config	128	static
C:/Users/Onoje/Desktop/HAVELSAN_STM32/JPEG_DecodingUsingFs_DMA/CM7/Src/main.c:362:13:MPU_Config	24	static
C:/Users/Onoje/Desktop/HAVELSAN_STM32/JPEG_DecodingUsingFs_DMA/CM7/Src/main.c:462:13:CPU_CACHE_Enable	24	static,ignoring_inline_asm
C:/Users/Onoje/Desktop/HAVELSAN_STM32/JPEG_DecodingUsingFs_DMA/CM7/Src/main.c:476:13:LCD_BriefDisplay	16	static
C:/Users/Onoje/Desktop/HAVELSAN_STM32/JPEG_DecodingUsingFs_DMA/CM7/Src/main.c:513:13:Pipeline_StartDecodeOfFreshest	16	static
C:/Users/Onoje/Desktop/HAVELSAN_STM32/JPEG_DecodingUsingFs_DMA/CM7/Src/main.c:564:6:JPEG_Pipeline_OnFrameReceived	16	static
C:/Users/Onoje/Desktop/HAVELSAN_STM32/JPEG_DecodingUsingFs_DMA/CM7/Src/main.c:585:6:JPEG_Pipeline_OnDecodeComplete	32	static
C:/Users/Onoje/Desktop/HAVELSAN_STM32/JPEG_DecodingUsingFs_DMA/CM7/Src/main.c:612:13:DMA2D_XferCpltCallback	24	static
C:/Users/Onoje/Desktop/HAVELSAN_STM32/JPEG_DecodingUsingFs_DMA/CM7/Src/main.c:665:6:HAL_LTDC_ReloadEventCallback	24	static
C:/Users/Onoje/Desktop/HAVELSAN_STM32/JPEG_DecodingUsingFs_DMA/CM7/Src/main.c:700:13:DMA2D_StartCopy	48	static
C:/Users/Onoje/Desktop/HAVELSAN_STM32/JPEG_DecodingUsingFs_DMA/CM7/Src/main.c:795:6:Error_Handler	8	static
