C:/Users/Onoje/Desktop/HAVELSAN_STM32/JPEG_DecodingUsingFs_DMA/Drivers/BSP/STM32H747I-EVAL/stm32h747i_eval_bus.c:188:9:BSP_I2C1_Init	16	static
C:/Users/Onoje/Desktop/HAVELSAN_STM32/JPEG_DecodingUsingFs_DMA/Drivers/BSP/STM32H747I-EVAL/stm32h747i_eval_bus.c:235:9:BSP_I2C1_DeInit	16	static
C:/Users/Onoje/Desktop/HAVELSAN_STM32/JPEG_DecodingUsingFs_DMA/Drivers/BSP/STM32H747I-EVAL/stm32h747i_eval_bus.c:263:26:MX_I2C1_Init	24	static
C:/Users/Onoje/Desktop/HAVELSAN_STM32/JPEG_DecodingUsingFs_DMA/Drivers/BSP/STM32H747I-EVAL/stm32h747i_eval_bus.c:309:9:BSP_I2C1_WriteReg	40	static
C:/Users/Onoje/Desktop/HAVELSAN_STM32/JPEG_DecodingUsingFs_DMA/Drivers/BSP/STM32H747I-EVAL/stm32h747i_eval_bus.c:346:9:BSP_I2C1_ReadReg	40	static
C:/Users/Onoje/Desktop/HAVELSAN_STM32/JPEG_DecodingUsingFs_DMA/Drivers/BSP/STM32H747I-EVAL/stm32h747i_eval_bus.c:383:9:BSP_I2C1_WriteReg16	40	static
C:/Users/Onoje/Desktop/HAVELSAN_STM32/JPEG_DecodingUsingFs_DMA/Drivers/BSP/STM32H747I-EVAL/stm32h747i_eval_bus.c:420:9:BSP_I2C1_ReadReg16	40	static
C:/Users/Onoje/Desktop/HAVELSAN_STM32/JPEG_DecodingUsingFs_DMA/Drivers/BSP/STM32H747I-EVAL/stm32h747i_eval_bus.c:456:9:BSP_I2C1_IsReady	24	static
C:/Users/Onoje/Desktop/HAVELSAN_STM32/JPEG_DecodingUsingFs_DMA/Drivers/BSP/STM32H747I-EVAL/stm32h747i_eval_bus.c:478:9:BSP_GetTick	8	static
C:/Users/Onoje/Desktop/HAVELSAN_STM32/JPEG_DecodingUsingFs_DMA/Drivers/BSP/STM32H747I-EVAL/stm32h747i_eval_bus.c:566:17:I2C_GetTiming	32	static
C:/Users/Onoje/Desktop/HAVELSAN_STM32/JPEG_DecodingUsingFs_DMA/Drivers/BSP/STM32H747I-EVAL/stm32h747i_eval_bus.c:604:13:I2C_Compute_PRESC_SCLDEL_SDADEL	64	static
C:/Users/Onoje/Desktop/HAVELSAN_STM32/JPEG_DecodingUsingFs_DMA/Drivers/BSP/STM32H747I-EVAL/stm32h747i_eval_bus.c:685:17:I2C_Compute_SCLL_SCLH	80	static
C:/Users/Onoje/Desktop/HAVELSAN_STM32/JPEG_DecodingUsingFs_DMA/Drivers/BSP/STM32H747I-EVAL/stm32h747i_eval_bus.c:763:13:I2C1_MspInit	48	static
C:/Users/Onoje/Desktop/HAVELSAN_STM32/JPEG_DecodingUsingFs_DMA/Drivers/BSP/STM32H747I-EVAL/stm32h747i_eval_bus.c:808:13:I2C1_MspDeInit	40	static
C:/Users/Onoje/Desktop/HAVELSAN_STM32/JPEG_DecodingUsingFs_DMA/Drivers/BSP/STM32H747I-EVAL/stm32h747i_eval_bus.c:834:16:I2C1_WriteReg	40	static
C:/Users/Onoje/Desktop/HAVELSAN_STM32/JPEG_DecodingUsingFs_DMA/Drivers/BSP/STM32H747I-EVAL/stm32h747i_eval_bus.c:852:16:I2C1_ReadReg	40	static
