C:/Users/Onoje/Desktop/HAVELSAN_STM32/JPEG_DecodingUsingFs_DMA/Drivers/BSP/STM32H747I-EVAL/stm32h747i_eval.c:152:9:BSP_GetVersion	4	static
C:/Users/Onoje/Desktop/HAVELSAN_STM32/JPEG_DecodingUsingFs_DMA/Drivers/BSP/STM32H747I-EVAL/stm32h747i_eval.c:161:16:BSP_GetBoardName	4	static
C:/Users/Onoje/Desktop/HAVELSAN_STM32/JPEG_DecodingUsingFs_DMA/Drivers/BSP/STM32H747I-EVAL/stm32h747i_eval.c:170:16:BSP_GetBoardID	4	static
C:/Users/Onoje/Desktop/HAVELSAN_STM32/JPEG_DecodingUsingFs_DMA/Drivers/BSP/STM32H747I-EVAL/stm32h747i_eval.c:185:9:BSP_LED_Init	56	static
C:/Users/Onoje/Desktop/HAVELSAN_STM32/JPEG_DecodingUsingFs_DMA/Drivers/BSP/STM32H747I-EVAL/stm32h747i_eval.c:233:9:BSP_LED_DeInit	40	static
C:/Users/Onoje/Desktop/HAVELSAN_STM32/JPEG_DecodingUsingFs_DMA/Drivers/BSP/STM32H747I-EVAL/stm32h747i_eval.c:256:9:BSP_LED_On	24	static
C:/Users/Onoje/Desktop/HAVELSAN_STM32/JPEG_DecodingUsingFs_DMA/Drivers/BSP/STM32H747I-EVAL/stm32h747i_eval.c:274:9:BSP_LED_Off	24	static
C:/Users/Onoje/Desktop/HAVELSAN_STM32/JPEG_DecodingUsingFs_DMA/Drivers/BSP/STM32H747I-EVAL/stm32h747i_eval.c:291:9:BSP_LED_Toggle	24	static
C:/Users/Onoje/Desktop/HAVELSAN_STM32/JPEG_DecodingUsingFs_DMA/Drivers/BSP/STM32H747I-EVAL/stm32h747i_eval.c:308:9:BSP_LED_GetState	24	static
C:/Users/Onoje/Desktop/HAVELSAN_STM32/JPEG_DecodingUsingFs_DMA/Drivers/BSP/STM32H747I-EVAL/stm32h747i_eval.c:329:9:BSP_PB_Init	48	static
C:/Users/Onoje/Desktop/HAVELSAN_STM32/JPEG_DecodingUsingFs_DMA/Drivers/BSP/STM32H747I-EVAL/stm32h747i_eval.c:401:9:BSP_PB_DeInit	40	static
C:/Users/Onoje/Desktop/HAVELSAN_STM32/JPEG_DecodingUsingFs_DMA/Drivers/BSP/STM32H747I-EVAL/stm32h747i_eval.c:421:9:BSP_PB_GetState	16	static
C:/Users/Onoje/Desktop/HAVELSAN_STM32/JPEG_DecodingUsingFs_DMA/Drivers/BSP/STM32H747I-EVAL/stm32h747i_eval.c:431:6:BSP_PB_IRQHandler	16	static
C:/Users/Onoje/Desktop/HAVELSAN_STM32/JPEG_DecodingUsingFs_DMA/Drivers/BSP/STM32H747I-EVAL/stm32h747i_eval.c:441:13:BSP_PB_Callback	16	static
C:/Users/Onoje/Desktop/HAVELSAN_STM32/JPEG_DecodingUsingFs_DMA/Drivers/BSP/STM32H747I-EVAL/stm32h747i_eval.c:654:9:BSP_POT_Init	24	static
C:/Users/Onoje/Desktop/HAVELSAN_STM32/JPEG_DecodingUsingFs_DMA/Drivers/BSP/STM32H747I-EVAL/stm32h747i_eval.c:696:9:BSP_POT_DeInit	24	static
C:/Users/Onoje/Desktop/HAVELSAN_STM32/JPEG_DecodingUsingFs_DMA/Drivers/BSP/STM32H747I-EVAL/stm32h747i_eval.c:724:9:BSP_POT_GetLevel	24	static
C:/Users/Onoje/Desktop/HAVELSAN_STM32/JPEG_DecodingUsingFs_DMA/Drivers/BSP/STM32H747I-EVAL/stm32h747i_eval.c:754:26:MX_ADC1_Init	48	static
C:/Users/Onoje/Desktop/HAVELSAN_STM32/JPEG_DecodingUsingFs_DMA/Drivers/BSP/STM32H747I-EVAL/stm32h747i_eval.c:888:9:BSP_JOY_Init	32	static
C:/Users/Onoje/Desktop/HAVELSAN_STM32/JPEG_DecodingUsingFs_DMA/Drivers/BSP/STM32H747I-EVAL/stm32h747i_eval.c:950:9:BSP_JOY_DeInit	32	static
C:/Users/Onoje/Desktop/HAVELSAN_STM32/JPEG_DecodingUsingFs_DMA/Drivers/BSP/STM32H747I-EVAL/stm32h747i_eval.c:1006:9:BSP_JOY_GetState	24	static
C:/Users/Onoje/Desktop/HAVELSAN_STM32/JPEG_DecodingUsingFs_DMA/Drivers/BSP/STM32H747I-EVAL/stm32h747i_eval.c:1062:6:BSP_JOY_IRQHandler	16	static
C:/Users/Onoje/Desktop/HAVELSAN_STM32/JPEG_DecodingUsingFs_DMA/Drivers/BSP/STM32H747I-EVAL/stm32h747i_eval.c:1083:13:BSP_JOY_Callback	16	static
C:/Users/Onoje/Desktop/HAVELSAN_STM32/JPEG_DecodingUsingFs_DMA/Drivers/BSP/STM32H747I-EVAL/stm32h747i_eval.c:1104:13:BUTTON_WAKEUP_EXTI_Callback	8	static
C:/Users/Onoje/Desktop/HAVELSAN_STM32/JPEG_DecodingUsingFs_DMA/Drivers/BSP/STM32H747I-EVAL/stm32h747i_eval.c:1113:13:BUTTON_TAMPER_EXTI_Callback	8	static
C:/Users/Onoje/Desktop/HAVELSAN_STM32/JPEG_DecodingUsingFs_DMA/Drivers/BSP/STM32H747I-EVAL/stm32h747i_eval.c:1122:13:BUTTON_USER_EXTI_Callback	8	static
C:/Users/Onoje/Desktop/HAVELSAN_STM32/JPEG_DecodingUsingFs_DMA/Drivers/BSP/STM32H747I-EVAL/stm32h747i_eval.c:1192:13:ADC1_MspInit	48	static
C:/Users/Onoje/Desktop/HAVELSAN_STM32/JPEG_DecodingUsingFs_DMA/Drivers/BSP/STM32H747I-EVAL/stm32h747i_eval.c:1214:13:ADC1_MspDeInit	40	static
C:/Users/Onoje/Desktop/HAVELSAN_STM32/JPEG_DecodingUsingFs_DMA/Drivers/BSP/STM32H747I-EVAL/stm32h747i_eval.c:1236:13:JOY1_EXTI_Callback	16	static
